apology: 66 joins -> derived/plato/joins/apology.toon
charmides: 166 joins -> derived/plato/joins/charmides.toon
cratylus: 343 joins -> derived/plato/joins/cratylus.toon
critias: 103 joins -> derived/plato/joins/critias.toon
crito: 19 joins -> derived/plato/joins/crito.toon
euthydemus: 257 joins -> derived/plato/joins/euthydemus.toon
euthyphro: 52 joins -> derived/plato/joins/euthyphro.toon
gorgias: 458 joins -> derived/plato/joins/gorgias.toon
greater-hippias: 171 joins -> derived/plato/joins/greater-hippias.toon
ion: 14 joins -> derived/plato/joins/ion.toon
laches: 153 joins -> derived/plato/joins/laches.toon
laws: 1277 joins -> derived/plato/joins/laws.toon
lesser-hippias: 89 joins -> derived/plato/joins/lesser-hippias.toon
lysis: 146 joins -> derived/plato/joins/lysis.toon
menexenus: 97 joins -> derived/plato/joins/menexenus.toon
meno: 45 joins -> derived/plato/joins/meno.toon
parmenides: 250 joins -> derived/plato/joins/parmenides.toon
phaedo: 262 joins -> derived/plato/joins/phaedo.toon
phaedrus: 337 joins -> derived/plato/joins/phaedrus.toon
philebus: 358 joins -> derived/plato/joins/philebus.toon
protagoras: 309 joins -> derived/plato/joins/protagoras.toon
republic: 833 joins -> derived/plato/joins/republic.toon
sophist: 322 joins -> derived/plato/joins/sophist.toon
statesman: 310 joins -> derived/plato/joins/statesman.toon
symposium: 250 joins -> derived/plato/joins/symposium.toon
theaetetus: 419 joins -> derived/plato/joins/theaetetus.toon
timaeus: 364 joins -> derived/plato/joins/timaeus.toon
