apology: 30 accepted voices -> derived/plato/voices/apology.toon
charmides: 363 accepted voices -> derived/plato/voices/charmides.toon
cratylus: 7 accepted voices -> derived/plato/voices/cratylus.toon
crito: 26 accepted voices -> derived/plato/voices/crito.toon
euthydemus: 573 accepted voices -> derived/plato/voices/euthydemus.toon
gorgias: 39 accepted voices -> derived/plato/voices/gorgias.toon
greater-hippias: 127 accepted voices -> derived/plato/voices/greater-hippias.toon
ion: 4 accepted voices -> derived/plato/voices/ion.toon
laches: 2 accepted voices -> derived/plato/voices/laches.toon
laws: 46 accepted voices -> derived/plato/voices/laws.toon
lysis: 404 accepted voices -> derived/plato/voices/lysis.toon
menexenus: 31 accepted voices -> derived/plato/voices/menexenus.toon
meno: 19 accepted voices -> derived/plato/voices/meno.toon
parmenides: 182 accepted voices -> derived/plato/voices/parmenides.toon
phaedo: 593 accepted voices -> derived/plato/voices/phaedo.toon
phaedrus: 44 accepted voices -> derived/plato/voices/phaedrus.toon
philebus: 10 accepted voices -> derived/plato/voices/philebus.toon
protagoras: 473 accepted voices -> derived/plato/voices/protagoras.toon
republic: 490 accepted voices -> derived/plato/voices/republic.toon
sophist: 4 accepted voices -> derived/plato/voices/sophist.toon
symposium: 198 accepted voices -> derived/plato/voices/symposium.toon
theaetetus: 39 accepted voices -> derived/plato/voices/theaetetus.toon
timaeus: 28 accepted voices -> derived/plato/voices/timaeus.toon
