apology: 125 markers -> derived/plato/stephanus/apology.toon
charmides: 118 markers -> derived/plato/stephanus/charmides.toon
cratylus: 286 markers -> derived/plato/stephanus/cratylus.toon
critias: 76 markers -> derived/plato/stephanus/critias.toon
crito: 59 markers -> derived/plato/stephanus/crito.toon
euthydemus: 182 markers -> derived/plato/stephanus/euthydemus.toon
euthyphro: 70 markers -> derived/plato/stephanus/euthyphro.toon
gorgias: 404 markers -> derived/plato/stephanus/gorgias.toon
greater-hippias: 119 markers -> derived/plato/stephanus/greater-hippias.toon
ion: 61 markers -> derived/plato/stephanus/ion.toon
laches: 115 markers -> derived/plato/stephanus/laches.toon
laws: 1591 markers -> derived/plato/stephanus/laws.toon
lesser-hippias: 67 markers -> derived/plato/stephanus/lesser-hippias.toon
lysis: 99 markers -> derived/plato/stephanus/lysis.toon
menexenus: 78 markers -> derived/plato/stephanus/menexenus.toon
meno: 151 markers -> derived/plato/stephanus/meno.toon
parmenides: 201 markers -> derived/plato/stephanus/parmenides.toon
phaedo: 303 markers -> derived/plato/stephanus/phaedo.toon
phaedrus: 261 markers -> derived/plato/stephanus/phaedrus.toon
philebus: 282 markers -> derived/plato/stephanus/philebus.toon
protagoras: 265 markers -> derived/plato/stephanus/protagoras.toon
republic: 1355 markers -> derived/plato/stephanus/republic.toon
sophist: 262 markers -> derived/plato/stephanus/sophist.toon
statesman: 272 markers -> derived/plato/stephanus/statesman.toon
symposium: 257 markers -> derived/plato/stephanus/symposium.toon
theaetetus: 343 markers -> derived/plato/stephanus/theaetetus.toon
timaeus: 364 markers -> derived/plato/stephanus/timaeus.toon
