wrote 504 cluster file(s); gate accepted=7332 cross_dialogue=469 median_non_singleton=3
- wiki/clusters/abuse_reporting_law.md: clusters=1
- wiki/clusters/abusive_speech_law.md: clusters=2
- wiki/clusters/admonitory_prelude.md: clusters=2
- wiki/clusters/adoption_law.md: clusters=1
- wiki/clusters/advocacy_corruption_prelude.md: clusters=1
- wiki/clusters/advocacy_penalty_law.md: clusters=1
- wiki/clusters/affection_taxonomy.md: clusters=2
- wiki/clusters/agricultural_law.md: clusters=3
- wiki/clusters/analogical_argument.md: clusters=2
- wiki/clusters/analogy_image.md: clusters=1
- wiki/clusters/analogy_structure.md: clusters=3
- wiki/clusters/ancient_authority_appeal.md: clusters=1
- wiki/clusters/anthropological_distinction.md: clusters=2
- wiki/clusters/anthropological_history.md: clusters=2
- wiki/clusters/antithetical_reversal.md: clusters=1
- wiki/clusters/appearance_reality_marker.md: clusters=2
- wiki/clusters/argument_from_punishment.md: clusters=2
- wiki/clusters/argument_method.md: clusters=1
- wiki/clusters/argument_schema.md: clusters=4
- wiki/clusters/argument_test.md: clusters=1
- wiki/clusters/art_status.md: clusters=2
- wiki/clusters/assault_procedure.md: clusters=1
- wiki/clusters/assault_regulation.md: clusters=1
- wiki/clusters/astronomy_education.md: clusters=6
- wiki/clusters/astronomy_piety_reversal.md: clusters=1
- wiki/clusters/atheist_refutation_terms.md: clusters=1
- wiki/clusters/audience_genre_correspondence.md: clusters=1
- wiki/clusters/authority_appeal.md: clusters=1
- wiki/clusters/authority_invocation.md: clusters=1
- wiki/clusters/beast_rational_contrast.md: clusters=1
- wiki/clusters/birth_registration.md: clusters=1
- wiki/clusters/bodily_pathology.md: clusters=8
- wiki/clusters/body_mind_instrumentality.md: clusters=1
- wiki/clusters/boundary_law.md: clusters=1
- wiki/clusters/burial_honor_law.md: clusters=1
- wiki/clusters/burial_land_law.md: clusters=1
- wiki/clusters/bystander_obligation.md: clusters=1
- wiki/clusters/causal_attribution.md: clusters=1
- wiki/clusters/causal_diagnosis.md: clusters=1
- wiki/clusters/causal_taxonomy.md: clusters=2
- wiki/clusters/celestial_gods.md: clusters=1
- wiki/clusters/city_as_kinship_substitute.md: clusters=1
- wiki/clusters/city_soul_parallel.md: clusters=1
- wiki/clusters/civic_age_thresholds.md: clusters=1
- wiki/clusters/civic_architecture.md: clusters=2
- wiki/clusters/civic_character_diagnosis.md: clusters=1
- wiki/clusters/civic_education.md: clusters=4
- wiki/clusters/civic_effects.md: clusters=1
- wiki/clusters/civic_exception_procedure.md: clusters=1
- wiki/clusters/civic_guardian_analogy.md: clusters=1
- wiki/clusters/civic_infrastructure.md: clusters=3
- wiki/clusters/civic_loyalty_law.md: clusters=1
- wiki/clusters/civic_mobility_rules.md: clusters=2
- wiki/clusters/civic_number_design.md: clusters=3
- wiki/clusters/civic_participation.md: clusters=1
- wiki/clusters/civic_property_theory.md: clusters=1
- wiki/clusters/civic_religion.md: clusters=1
- wiki/clusters/civic_sanction.md: clusters=1
- wiki/clusters/civic_space.md: clusters=1
- wiki/clusters/civic_spatial_order.md: clusters=1
- wiki/clusters/claimed_expertise.md: clusters=1
- wiki/clusters/classification_placement.md: clusters=2
- wiki/clusters/closure_type.md: clusters=56
- wiki/clusters/cognitive_gradation.md: clusters=2
- wiki/clusters/comedy_law.md: clusters=2
- wiki/clusters/comic_permission_review.md: clusters=1
- wiki/clusters/comparative_ethnography.md: clusters=11
- wiki/clusters/comparative_hierarchy.md: clusters=1
- wiki/clusters/concept_identification.md: clusters=1
- wiki/clusters/concept_naming.md: clusters=1
- wiki/clusters/constitutional_balance.md: clusters=4
- wiki/clusters/constitutional_design.md: clusters=36
- wiki/clusters/constitutional_psychology.md: clusters=1
- wiki/clusters/constitutional_typology.md: clusters=16
- wiki/clusters/contract_law.md: clusters=1
- wiki/clusters/corrective_penalty_law.md: clusters=1
- wiki/clusters/cosmic_autarky.md: clusters=1
- wiki/clusters/cosmic_order_criterion.md: clusters=1
- wiki/clusters/cosmic_soul_governance.md: clusters=1
- wiki/clusters/cosmogonic_proportion.md: clusters=2
- wiki/clusters/cosmological_account.md: clusters=1
- wiki/clusters/counterfeit_enforcement.md: clusters=1
- wiki/clusters/craft_analogy.md: clusters=414
- wiki/clusters/craft_law.md: clusters=2
- wiki/clusters/criterion_for_evaluative_classification.md: clusters=1
- wiki/clusters/cult_regulation_enforcement.md: clusters=1
- wiki/clusters/cult_regulation_law.md: clusters=2
- wiki/clusters/cult_regulation_rationale.md: clusters=2
- wiki/clusters/cultic_calendar.md: clusters=3
- wiki/clusters/cultic_norm.md: clusters=2
- wiki/clusters/customary_evidence.md: clusters=1
- wiki/clusters/customary_law.md: clusters=1
- wiki/clusters/daily_regimen_law.md: clusters=4
- wiki/clusters/damage_liability_law.md: clusters=1
- wiki/clusters/dance_law.md: clusters=3
- wiki/clusters/definition_ladder.md: clusters=292
- wiki/clusters/desertion_law.md: clusters=1
- wiki/clusters/desire_law.md: clusters=2
- wiki/clusters/desire_regulation.md: clusters=1
- wiki/clusters/diairesis_setup.md: clusters=1
- wiki/clusters/dialectical_constraint.md: clusters=1
- wiki/clusters/dialectical_method.md: clusters=1
- wiki/clusters/dialogue_internal_reference.md: clusters=1
- wiki/clusters/dialogue_mode_reflection.md: clusters=1
- wiki/clusters/dialogue_recall_marker.md: clusters=1
- wiki/clusters/divine_bribery_refutation.md: clusters=1
- wiki/clusters/divine_care_argument.md: clusters=5
- wiki/clusters/divine_etiology.md: clusters=1
- wiki/clusters/divine_governance_analogy.md: clusters=1
- wiki/clusters/divine_inspiration.md: clusters=1
- wiki/clusters/divine_justice_argument.md: clusters=1
- wiki/clusters/divine_law_exhortation.md: clusters=1
- wiki/clusters/dramatic_case_setup.md: clusters=241
- wiki/clusters/dramatic_closure.md: clusters=1
- wiki/clusters/early_childhood_habituation.md: clusters=3
- wiki/clusters/economic_character_correlation.md: clusters=9
- wiki/clusters/economic_legislation.md: clusters=11
- wiki/clusters/education_law.md: clusters=31
- wiki/clusters/education_offices.md: clusters=8
- wiki/clusters/education_program.md: clusters=1
- wiki/clusters/education_regime_contrast.md: clusters=2
- wiki/clusters/educational_compulsion.md: clusters=1
- wiki/clusters/elder_assault_law.md: clusters=1
- wiki/clusters/elemental_theory.md: clusters=25
- wiki/clusters/elenchus.md: clusters=344
- wiki/clusters/embassy_law.md: clusters=1
- wiki/clusters/environmental_determinism.md: clusters=1
- wiki/clusters/epistemology_argument.md: clusters=2
- wiki/clusters/eristic_method_claim.md: clusters=2
- wiki/clusters/eros_law.md: clusters=1
- wiki/clusters/eros_pathology.md: clusters=5
- wiki/clusters/erotic_argument.md: clusters=3
- wiki/clusters/erotic_law.md: clusters=1
- wiki/clusters/ethical_anthropology.md: clusters=1
- wiki/clusters/ethical_inversion_maxim.md: clusters=1
- wiki/clusters/ethical_training.md: clusters=19
- wiki/clusters/ethical_vocabulary.md: clusters=1
- wiki/clusters/ethnographic_allusion.md: clusters=1
- wiki/clusters/etiological_argument.md: clusters=2
- wiki/clusters/etymological_analysis.md: clusters=17
- wiki/clusters/etymological_argument.md: clusters=3
- wiki/clusters/etymological_decomposition.md: clusters=5
- wiki/clusters/etymological_derivation.md: clusters=1
- wiki/clusters/etymological_gloss.md: clusters=1
- wiki/clusters/etymological_method.md: clusters=6
- wiki/clusters/etymology.md: clusters=3
- wiki/clusters/etymology_analysis.md: clusters=33
- wiki/clusters/etymology_derivation.md: clusters=1
- wiki/clusters/etymology_difficulty_ranking.md: clusters=1
- wiki/clusters/etymology_method.md: clusters=2
- wiki/clusters/etymology_play.md: clusters=3
- wiki/clusters/evaluative_analogy.md: clusters=1
- wiki/clusters/exemplum_scope.md: clusters=1
- wiki/clusters/exhaustive_enumeration.md: clusters=2
- wiki/clusters/false_witness_law.md: clusters=1
- wiki/clusters/filial_obligation.md: clusters=3
- wiki/clusters/flux_claims.md: clusters=1
- wiki/clusters/food_distribution.md: clusters=1
- wiki/clusters/foreign_travel_review.md: clusters=1
- wiki/clusters/foreign_visitor_regulation.md: clusters=3
- wiki/clusters/forms_trajectory.md: clusters=146
- wiki/clusters/foundational_principle.md: clusters=2
- wiki/clusters/founding_collaboration.md: clusters=2
- wiki/clusters/founding_risk.md: clusters=1
- wiki/clusters/frame_depth.md: clusters=62
- wiki/clusters/friendship_ethics.md: clusters=1
- wiki/clusters/funeral_display_law.md: clusters=1
- wiki/clusters/funeral_honor_law.md: clusters=1
- wiki/clusters/funeral_law_rationale.md: clusters=1
- wiki/clusters/funeral_moderation_law.md: clusters=1
- wiki/clusters/funeral_oration_structure.md: clusters=1
- wiki/clusters/funerary_institution.md: clusters=1
- wiki/clusters/genealogy_critique.md: clusters=1
- wiki/clusters/generation_analogy.md: clusters=1
- wiki/clusters/generation_process.md: clusters=1
- wiki/clusters/genetic_account.md: clusters=4
- wiki/clusters/guarantee_law.md: clusters=1
- wiki/clusters/guardian_education.md: clusters=1
- wiki/clusters/guardian_knowledge_expression.md: clusters=1
- wiki/clusters/guardian_qualification.md: clusters=1
- wiki/clusters/guardian_theology_requirement.md: clusters=1
- wiki/clusters/gymnastics_law.md: clusters=4
- wiki/clusters/harm_injustice_distinction.md: clusters=1
- wiki/clusters/heavenly_revolution.md: clusters=1
- wiki/clusters/hermeneutic_method.md: clusters=2
- wiki/clusters/high_crime_grouping.md: clusters=1
- wiki/clusters/historical_development_thesis.md: clusters=3
- wiki/clusters/historical_parallel.md: clusters=1
- wiki/clusters/homicide_exile_penalty.md: clusters=1
- wiki/clusters/homicide_family_case.md: clusters=1
- wiki/clusters/homicide_intent_classification.md: clusters=2
- wiki/clusters/homicide_law.md: clusters=8
- wiki/clusters/homicide_moral_psychology.md: clusters=2
- wiki/clusters/homicide_pollution_enforcement.md: clusters=1
- wiki/clusters/homicide_procedure.md: clusters=3
- wiki/clusters/homicide_repeated_offense.md: clusters=1
- wiki/clusters/homicide_return_procedure.md: clusters=1
- wiki/clusters/homicide_self_defense.md: clusters=1
- wiki/clusters/homicide_slave_penalty.md: clusters=1
- wiki/clusters/household_law.md: clusters=2
- wiki/clusters/household_rule.md: clusters=1
- wiki/clusters/household_status_law.md: clusters=1
- wiki/clusters/household_succession.md: clusters=1
- wiki/clusters/hybris_taxonomy.md: clusters=1
- wiki/clusters/hypothesis_deduction.md: clusters=3
- wiki/clusters/hypothetical_construction.md: clusters=1
- wiki/clusters/hypothetical_prompt_or_scenario.md: clusters=1
- wiki/clusters/hypothetical_scenario.md: clusters=1
- wiki/clusters/impiety_argument.md: clusters=1
- wiki/clusters/impiety_argument_closure.md: clusters=1
- wiki/clusters/impiety_diagnosis.md: clusters=2
- wiki/clusters/impiety_law_procedure.md: clusters=1
- wiki/clusters/impiety_penalty_classification.md: clusters=1
- wiki/clusters/impiety_penalty_law.md: clusters=1
- wiki/clusters/impiety_refutation_sequence.md: clusters=1
- wiki/clusters/impiety_taxonomy.md: clusters=2
- wiki/clusters/inheritance_law.md: clusters=1
- wiki/clusters/inheritance_law_setup.md: clusters=1
- wiki/clusters/injury_classification.md: clusters=1
- wiki/clusters/injury_penalties.md: clusters=2
- wiki/clusters/injustice_theory.md: clusters=3
- wiki/clusters/inquiry_ethic.md: clusters=1
- wiki/clusters/inquiry_restriction.md: clusters=1
- wiki/clusters/instant_of_change.md: clusters=1
- wiki/clusters/institutional_economy.md: clusters=2
- wiki/clusters/institutional_function.md: clusters=2
- wiki/clusters/institutional_procedure.md: clusters=1
- wiki/clusters/institutional_selection.md: clusters=1
- wiki/clusters/intellect_motion_image.md: clusters=1
- wiki/clusters/intellectual_autobiography.md: clusters=1
- wiki/clusters/irony_marker.md: clusters=168
- wiki/clusters/judgment_enforcement_law.md: clusters=1
- wiki/clusters/judicial_oath_law.md: clusters=1
- wiki/clusters/judicial_procedure.md: clusters=5
- wiki/clusters/judicial_process.md: clusters=2
- wiki/clusters/justice_theory.md: clusters=2
- wiki/clusters/justified_homicide_cases.md: clusters=1
- wiki/clusters/kin_homicide_penalty.md: clusters=1
- wiki/clusters/kin_homicide_prelude.md: clusters=1
- wiki/clusters/kinship_homicide_penalty.md: clusters=2
- wiki/clusters/kinship_penalty_rule.md: clusters=1
- wiki/clusters/kinship_piety.md: clusters=1
- wiki/clusters/kinship_procedure_law.md: clusters=1
- wiki/clusters/land_law.md: clusters=6
- wiki/clusters/law_authority_structure.md: clusters=5
- wiki/clusters/law_change_mechanism.md: clusters=1
- wiki/clusters/law_emergence.md: clusters=2
- wiki/clusters/law_oversight_institution.md: clusters=2
- wiki/clusters/law_revision_protocol.md: clusters=1
- wiki/clusters/law_scope.md: clusters=1
- wiki/clusters/lawgiver_anthropology.md: clusters=1
- wiki/clusters/lawgiving_method.md: clusters=17
- wiki/clusters/lawgiving_targets.md: clusters=1
- wiki/clusters/lawmaking_sequence.md: clusters=1
- wiki/clusters/legal_authority_enforcement.md: clusters=1
- wiki/clusters/legal_dispute_procedure.md: clusters=1
- wiki/clusters/legal_guardianship.md: clusters=3
- wiki/clusters/legal_limit_acknowledgment.md: clusters=2
- wiki/clusters/legal_praise_blame.md: clusters=2
- wiki/clusters/legal_prelude.md: clusters=7
- wiki/clusters/legal_procedure.md: clusters=3
- wiki/clusters/legal_recordkeeping.md: clusters=1
- wiki/clusters/legal_reporting_duty.md: clusters=1
- wiki/clusters/legal_sequence.md: clusters=1
- wiki/clusters/legal_status_equivalence.md: clusters=1
- wiki/clusters/legal_subject_distinction.md: clusters=2
- wiki/clusters/legal_succession_order.md: clusters=2
- wiki/clusters/legal_theology.md: clusters=1
- wiki/clusters/legislative_completion.md: clusters=1
- wiki/clusters/legislative_feasibility.md: clusters=2
- wiki/clusters/legislative_method.md: clusters=40
- wiki/clusters/legislative_objection.md: clusters=1
- wiki/clusters/legislative_preamble.md: clusters=2
- wiki/clusters/legislative_prelude.md: clusters=1
- wiki/clusters/legislative_prescription.md: clusters=2
- wiki/clusters/legislative_revision.md: clusters=3
- wiki/clusters/legislative_sequence.md: clusters=3
- wiki/clusters/legislative_writing.md: clusters=3
- wiki/clusters/logical_principle_invocation.md: clusters=1
- wiki/clusters/logos_subject_proportion.md: clusters=1
- wiki/clusters/madness_custody_law.md: clusters=1
- wiki/clusters/magistrate_procedure.md: clusters=1
- wiki/clusters/mantic_epistemology.md: clusters=4
- wiki/clusters/many_few_contrast.md: clusters=1
- wiki/clusters/market_exchange_law.md: clusters=1
- wiki/clusters/market_law.md: clusters=3
- wiki/clusters/market_oath_law.md: clusters=1
- wiki/clusters/marriage_law.md: clusters=7
- wiki/clusters/marriage_regulation.md: clusters=8
- wiki/clusters/martial_contests.md: clusters=4
- wiki/clusters/martial_training.md: clusters=1
- wiki/clusters/mathematical_cosmology.md: clusters=22
- wiki/clusters/mathematical_deduction.md: clusters=3
- wiki/clusters/mathematical_education.md: clusters=13
- wiki/clusters/maxim_reference.md: clusters=2
- wiki/clusters/medical_caution.md: clusters=2
- wiki/clusters/mereology.md: clusters=1
- wiki/clusters/meta_speech_ethics.md: clusters=1
- wiki/clusters/method_boundary.md: clusters=10
- wiki/clusters/method_exposition.md: clusters=2
- wiki/clusters/methodological_distinction.md: clusters=11
- wiki/clusters/methodological_proposal.md: clusters=1
- wiki/clusters/methodological_recall.md: clusters=1
- wiki/clusters/methodological_warning.md: clusters=1
- wiki/clusters/microcosm_macrocosm.md: clusters=1
- wiki/clusters/military_capacity_diagnosis.md: clusters=4
- wiki/clusters/military_catalogue.md: clusters=2
- wiki/clusters/military_civic_planning.md: clusters=1
- wiki/clusters/military_discipline.md: clusters=1
- wiki/clusters/military_discipline_law.md: clusters=2
- wiki/clusters/military_honor_procedure.md: clusters=1
- wiki/clusters/military_service_honor.md: clusters=1
- wiki/clusters/military_training.md: clusters=8
- wiki/clusters/mimetic_moral_education.md: clusters=1
- wiki/clusters/moral_agency.md: clusters=1
- wiki/clusters/moral_association_consequence.md: clusters=1
- wiki/clusters/moral_psychology.md: clusters=16
- wiki/clusters/motion_taxonomy.md: clusters=2
- wiki/clusters/motivational_regulation.md: clusters=1
- wiki/clusters/mourning_regulation.md: clusters=1
- wiki/clusters/music_censorship_program.md: clusters=5
- wiki/clusters/music_law.md: clusters=18
- wiki/clusters/myth_demarcation.md: clusters=173
- wiki/clusters/mythic_comparison.md: clusters=1
- wiki/clusters/mythological_scaling.md: clusters=2
- wiki/clusters/name_image_theory.md: clusters=3
- wiki/clusters/name_taxonomy.md: clusters=1
- wiki/clusters/name_theory.md: clusters=1
- wiki/clusters/naming_convention.md: clusters=6
- wiki/clusters/narrator_self_disclosure.md: clusters=1
- wiki/clusters/natural_comparison.md: clusters=1
- wiki/clusters/nature_convention_contrast.md: clusters=4
- wiki/clusters/nature_pleasure_norm.md: clusters=1
- wiki/clusters/negation_analysis.md: clusters=1
- wiki/clusters/neglect_taxonomy.md: clusters=1
- wiki/clusters/neighbor_disputes.md: clusters=1
- wiki/clusters/noble_lie.md: clusters=1
- wiki/clusters/nocturnal_council_institution.md: clusters=2
- wiki/clusters/nomos_physis_antithesis.md: clusters=1
- wiki/clusters/nomos_physis_contrast.md: clusters=1
- wiki/clusters/nonhuman_homicide_law.md: clusters=1
- wiki/clusters/nonservice_law.md: clusters=1
- wiki/clusters/normative_criterion_contrast.md: clusters=1
- wiki/clusters/obstruction_penalty_law.md: clusters=1
- wiki/clusters/office_accountability.md: clusters=6
- wiki/clusters/office_discipline.md: clusters=1
- wiki/clusters/office_duties.md: clusters=4
- wiki/clusters/office_selection.md: clusters=3
- wiki/clusters/ontological_schema.md: clusters=1
- wiki/clusters/ontology_argument.md: clusters=2
- wiki/clusters/orphan_guardianship_law.md: clusters=5
- wiki/clusters/paradeigma_method.md: clusters=3
- wiki/clusters/parent_assault_penalty.md: clusters=1
- wiki/clusters/parent_assault_prelude.md: clusters=1
- wiki/clusters/parent_care_law.md: clusters=1
- wiki/clusters/parent_neglect_law.md: clusters=1
- wiki/clusters/parrhesia_claim.md: clusters=1
- wiki/clusters/part_whole_ordering.md: clusters=1
- wiki/clusters/penalty_classification.md: clusters=4
- wiki/clusters/penalty_law.md: clusters=2
- wiki/clusters/penalty_logic.md: clusters=1
- wiki/clusters/penalty_procedure.md: clusters=1
- wiki/clusters/penalty_theory.md: clusters=2
- wiki/clusters/perception_architecture.md: clusters=1
- wiki/clusters/perception_generation.md: clusters=34
- wiki/clusters/perception_ontology.md: clusters=2
- wiki/clusters/perceptual_relativism.md: clusters=1
- wiki/clusters/personified_art_speech.md: clusters=1
- wiki/clusters/pharmakeia_law_setup.md: clusters=1
- wiki/clusters/pharmakeia_penalty.md: clusters=1
- wiki/clusters/philosopher_king_thesis.md: clusters=1
- wiki/clusters/philosophical_criterion.md: clusters=1
- wiki/clusters/phusis_nomos_antithesis.md: clusters=1
- wiki/clusters/physiological_analogy.md: clusters=2
- wiki/clusters/physis_nomos_antithesis.md: clusters=1
- wiki/clusters/physis_nomos_contrast.md: clusters=1
- wiki/clusters/piety_constraint.md: clusters=1
- wiki/clusters/pleasure_pain_mixture.md: clusters=2
- wiki/clusters/poetic_authority.md: clusters=1
- wiki/clusters/poetic_quotation_as_argument.md: clusters=2
- wiki/clusters/poetry_civic_filter.md: clusters=2
- wiki/clusters/policy_consequence.md: clusters=1
- wiki/clusters/polis_genesis.md: clusters=3
- wiki/clusters/political_anthropology.md: clusters=1
- wiki/clusters/political_crime_definition.md: clusters=1
- wiki/clusters/political_history.md: clusters=1
- wiki/clusters/political_knowledge.md: clusters=1
- wiki/clusters/political_pathology.md: clusters=1
- wiki/clusters/political_psychology.md: clusters=1
- wiki/clusters/political_regime_diagnosis.md: clusters=5
- wiki/clusters/political_selection_criteria.md: clusters=1
- wiki/clusters/political_taming_metaphor.md: clusters=1
- wiki/clusters/political_theory.md: clusters=1
- wiki/clusters/population_regulation.md: clusters=2
- wiki/clusters/poverty_exile_law.md: clusters=1
- wiki/clusters/power_ethics.md: clusters=1
- wiki/clusters/predication_constraint.md: clusters=1
- wiki/clusters/preservation_analogy.md: clusters=1
- wiki/clusters/procedural_agreement.md: clusters=1
- wiki/clusters/procreation_law.md: clusters=7
- wiki/clusters/proof_opening.md: clusters=1
- wiki/clusters/property_claim_limitation.md: clusters=1
- wiki/clusters/property_consent_rule.md: clusters=1
- wiki/clusters/property_damage_law.md: clusters=1
- wiki/clusters/property_law.md: clusters=4
- wiki/clusters/property_recovery_procedure.md: clusters=1
- wiki/clusters/prosopography.md: clusters=209
- wiki/clusters/proverb_citation.md: clusters=3
- wiki/clusters/psychic_anatomy.md: clusters=9
- wiki/clusters/psychic_image_model.md: clusters=1
- wiki/clusters/psychic_political_analogy.md: clusters=1
- wiki/clusters/psychic_time_orientation.md: clusters=1
- wiki/clusters/psychic_topography.md: clusters=1
- wiki/clusters/psychological_sequence.md: clusters=1
- wiki/clusters/psychological_state_comparison.md: clusters=1
- wiki/clusters/psychological_unmasking.md: clusters=1
- wiki/clusters/psychophysical_affection.md: clusters=5
- wiki/clusters/public_accounting.md: clusters=1
- wiki/clusters/public_finance_law.md: clusters=1
- wiki/clusters/public_judgment.md: clusters=1
- wiki/clusters/public_theft_law.md: clusters=1
- wiki/clusters/quoted_proverb.md: clusters=1
- wiki/clusters/refutation_response.md: clusters=1
- wiki/clusters/refutation_setup.md: clusters=4
- wiki/clusters/regime_sequence.md: clusters=2
- wiki/clusters/relational_necessity.md: clusters=1
- wiki/clusters/religious_practice_history.md: clusters=1
- wiki/clusters/residence_rules.md: clusters=1
- wiki/clusters/rhetorical_argument.md: clusters=2
- wiki/clusters/rhetorical_disclaimer.md: clusters=1
- wiki/clusters/rhetorical_register_shift.md: clusters=2
- wiki/clusters/rhetorical_structure.md: clusters=1
- wiki/clusters/ritual_ordering.md: clusters=1
- wiki/clusters/ruler_curriculum.md: clusters=1
- wiki/clusters/ruling_principle.md: clusters=1
- wiki/clusters/sacred_number_design.md: clusters=2
- wiki/clusters/sacred_office_regulation.md: clusters=5
- wiki/clusters/scale_shift_argument.md: clusters=1
- wiki/clusters/scope_delimitation.md: clusters=1
- wiki/clusters/search_procedure_law.md: clusters=1
- wiki/clusters/self_motion_priority.md: clusters=1
- wiki/clusters/servitude_law.md: clusters=5
- wiki/clusters/settlement_composition_assessment.md: clusters=1
- wiki/clusters/settlement_conflict_prevention.md: clusters=1
- wiki/clusters/settlement_foundation.md: clusters=11
- wiki/clusters/settlement_site_assessment.md: clusters=3
- wiki/clusters/simile.md: clusters=5
- wiki/clusters/slave_assault_law.md: clusters=1
- wiki/clusters/slave_homicide_law.md: clusters=1
- wiki/clusters/slave_sale_warranty.md: clusters=2
- wiki/clusters/social_stratification.md: clusters=1
- wiki/clusters/socratic_example_domain.md: clusters=3
- wiki/clusters/socratic_intellectualism.md: clusters=1
- wiki/clusters/solar_soul_guidance.md: clusters=1
- wiki/clusters/sophist_statesman_contrast.md: clusters=1
- wiki/clusters/soul_body_interaction.md: clusters=2
- wiki/clusters/soul_body_priority.md: clusters=2
- wiki/clusters/soul_city_analogy.md: clusters=2
- wiki/clusters/soul_definition.md: clusters=2
- wiki/clusters/soul_honor_correction.md: clusters=1
- wiki/clusters/soul_mathematical_division.md: clusters=1
- wiki/clusters/soul_priority_argument.md: clusters=1
- wiki/clusters/soul_relocation.md: clusters=2
- wiki/clusters/soul_visibility.md: clusters=1
- wiki/clusters/source_critique.md: clusters=1
- wiki/clusters/spatial_reasoning.md: clusters=1
- wiki/clusters/speaker_perplexity.md: clusters=1
- wiki/clusters/status_law.md: clusters=3
- wiki/clusters/suicide_burial_law.md: clusters=1
- wiki/clusters/supplication_norm.md: clusters=1
- wiki/clusters/techne_tribe_contrast.md: clusters=1
- wiki/clusters/teleological_binding.md: clusters=1
- wiki/clusters/teleological_purpose_chain.md: clusters=1
- wiki/clusters/teleological_reasoning.md: clusters=1
- wiki/clusters/teleological_structure.md: clusters=32
- wiki/clusters/temporal_argument.md: clusters=8
- wiki/clusters/temporal_metaphysics.md: clusters=1
- wiki/clusters/territorial_guard_design.md: clusters=4
- wiki/clusters/testamentary_prelude.md: clusters=1
- wiki/clusters/theft_penalty_schedule.md: clusters=1
- wiki/clusters/theology_proof_structure.md: clusters=1
- wiki/clusters/therapy_analogy.md: clusters=2
- wiki/clusters/thesis_escalation.md: clusters=1
- wiki/clusters/topic_transition.md: clusters=1
- wiki/clusters/trade_law.md: clusters=3
- wiki/clusters/tragedy_law.md: clusters=1
- wiki/clusters/trial_procedure.md: clusters=2
- wiki/clusters/tripartite_classification.md: clusters=1
- wiki/clusters/tripartite_division.md: clusters=1
- wiki/clusters/truth_priority_procedure.md: clusters=1
- wiki/clusters/turn_geometry.md: clusters=202
- wiki/clusters/unknown_homicide_procedure.md: clusters=1
- wiki/clusters/unwritten_law.md: clusters=1
- wiki/clusters/unwritten_pedagogy.md: clusters=1
- wiki/clusters/value_predicate_separation.md: clusters=1
- wiki/clusters/virtue_instrumentalization.md: clusters=1
- wiki/clusters/virtue_ruler_alignment.md: clusters=14
- wiki/clusters/virtue_structure.md: clusters=3
- wiki/clusters/virtue_unity.md: clusters=1
- wiki/clusters/wage_contract_law.md: clusters=1
- wiki/clusters/water_law.md: clusters=3
- wiki/clusters/wealth_critique.md: clusters=1
- wiki/clusters/witness_procedure.md: clusters=1
- wiki/clusters/xenia_norm.md: clusters=3
