apology: 1 turns -> derived/plato/turns/apology.toon
charmides: 1 turns -> derived/plato/turns/charmides.toon
cratylus: 774 turns -> derived/plato/turns/cratylus.toon
critias: 20 turns -> derived/plato/turns/critias.toon
crito: 102 turns -> derived/plato/turns/crito.toon
euthydemus: 95 turns -> derived/plato/turns/euthydemus.toon
euthyphro: 233 turns -> derived/plato/turns/euthyphro.toon
gorgias: 1107 turns -> derived/plato/turns/gorgias.toon
greater-hippias: 357 turns -> derived/plato/turns/greater-hippias.toon
ion: 172 turns -> derived/plato/turns/ion.toon
laches: 265 turns -> derived/plato/turns/laches.toon
laws: 1999 turns -> derived/plato/turns/laws.toon
lesser-hippias: 231 turns -> derived/plato/turns/lesser-hippias.toon
lysis: 1 turns -> derived/plato/turns/lysis.toon
menexenus: 46 turns -> derived/plato/turns/menexenus.toon
meno: 570 turns -> derived/plato/turns/meno.toon
parmenides: 1 turns -> derived/plato/turns/parmenides.toon
phaedo: 35 turns -> derived/plato/turns/phaedo.toon
phaedrus: 401 turns -> derived/plato/turns/phaedrus.toon
philebus: 1142 turns -> derived/plato/turns/philebus.toon
protagoras: 74 turns -> derived/plato/turns/protagoras.toon
republic: 1 turns -> derived/plato/turns/republic.toon
sophist: 1178 turns -> derived/plato/turns/sophist.toon
statesman: 899 turns -> derived/plato/turns/statesman.toon
symposium: 5 turns -> derived/plato/turns/symposium.toon
theaetetus: 1029 turns -> derived/plato/turns/theaetetus.toon
timaeus: 113 turns -> derived/plato/turns/timaeus.toon
