laches: coverage=94.9% gaps=0 biggest_gap_chars=0
lesser-hippias: coverage=95.3% gaps=0 biggest_gap_chars=0
sophist: coverage=96.3% gaps=0 biggest_gap_chars=0
menexenus: coverage=96.4% gaps=0 biggest_gap_chars=0
parmenides: coverage=97.0% gaps=0 biggest_gap_chars=0
timaeus: coverage=97.5% gaps=0 biggest_gap_chars=0
philebus: coverage=97.9% gaps=0 biggest_gap_chars=0
cratylus: coverage=98.0% gaps=0 biggest_gap_chars=0
republic: coverage=98.0% gaps=0 biggest_gap_chars=0
phaedrus: coverage=98.5% gaps=0 biggest_gap_chars=0
protagoras: coverage=98.7% gaps=0 biggest_gap_chars=0
gorgias: coverage=98.9% gaps=0 biggest_gap_chars=0
phaedo: coverage=99.0% gaps=0 biggest_gap_chars=0
theaetetus: coverage=99.1% gaps=0 biggest_gap_chars=0
laws: coverage=99.3% gaps=0 biggest_gap_chars=0
statesman: coverage=99.3% gaps=0 biggest_gap_chars=0
charmides: coverage=99.6% gaps=0 biggest_gap_chars=0
apology: coverage=100.0% gaps=0 biggest_gap_chars=0
symposium: coverage=100.0% gaps=0 biggest_gap_chars=0
critias: coverage=100.0% gaps=0 biggest_gap_chars=0
crito: coverage=100.0% gaps=0 biggest_gap_chars=0
euthydemus: coverage=100.0% gaps=0 biggest_gap_chars=0
euthyphro: coverage=100.0% gaps=0 biggest_gap_chars=0
greater-hippias: coverage=100.0% gaps=0 biggest_gap_chars=0
ion: coverage=100.0% gaps=0 biggest_gap_chars=0
lysis: coverage=100.0% gaps=0 biggest_gap_chars=0
meno: coverage=100.0% gaps=0 biggest_gap_chars=0
coverage: wiki/coverage-gaps.md
