apology: 10 anchors -> derived/plato/anchors/apology.toon
charmides: 36 anchors -> derived/plato/anchors/charmides.toon
cratylus: 104 anchors -> derived/plato/anchors/cratylus.toon
critias: 7 anchors -> derived/plato/anchors/critias.toon
crito: 4 anchors -> derived/plato/anchors/crito.toon
euthydemus: 52 anchors -> derived/plato/anchors/euthydemus.toon
euthyphro: 104 anchors -> derived/plato/anchors/euthyphro.toon
gorgias: 147 anchors -> derived/plato/anchors/gorgias.toon
greater-hippias: 38 anchors -> derived/plato/anchors/greater-hippias.toon
ion: 21 anchors -> derived/plato/anchors/ion.toon
laches: 19 anchors -> derived/plato/anchors/laches.toon
laws: 178 anchors -> derived/plato/anchors/laws.toon
lesser-hippias: 37 anchors -> derived/plato/anchors/lesser-hippias.toon
lysis: 40 anchors -> derived/plato/anchors/lysis.toon
menexenus: 6 anchors -> derived/plato/anchors/menexenus.toon
meno: 90 anchors -> derived/plato/anchors/meno.toon
parmenides: 133 anchors -> derived/plato/anchors/parmenides.toon
phaedo: 86 anchors -> derived/plato/anchors/phaedo.toon
phaedrus: 51 anchors -> derived/plato/anchors/phaedrus.toon
philebus: 75 anchors -> derived/plato/anchors/philebus.toon
protagoras: 45 anchors -> derived/plato/anchors/protagoras.toon
republic: 237 anchors -> derived/plato/anchors/republic.toon
sophist: 102 anchors -> derived/plato/anchors/sophist.toon
statesman: 98 anchors -> derived/plato/anchors/statesman.toon
symposium: 27 anchors -> derived/plato/anchors/symposium.toon
theaetetus: 96 anchors -> derived/plato/anchors/theaetetus.toon
timaeus: 104 anchors -> derived/plato/anchors/timaeus.toon
