apology: turn_lengths=1 assent_turns=1 assent_stretches=0 procedure_candidates=11
charmides: turn_lengths=1 assent_turns=1 assent_stretches=0 procedure_candidates=4
cratylus: turn_lengths=774 assent_turns=774 assent_stretches=5 procedure_candidates=18
critias: turn_lengths=20 assent_turns=20 assent_stretches=0 procedure_candidates=0
crito: turn_lengths=102 assent_turns=102 assent_stretches=0 procedure_candidates=8
euthydemus: turn_lengths=95 assent_turns=95 assent_stretches=0 procedure_candidates=35
euthyphro: turn_lengths=233 assent_turns=233 assent_stretches=0 procedure_candidates=1
gorgias: turn_lengths=1107 assent_turns=1107 assent_stretches=6 procedure_candidates=73
greater-hippias: turn_lengths=357 assent_turns=357 assent_stretches=0 procedure_candidates=19
ion: turn_lengths=172 assent_turns=172 assent_stretches=2 procedure_candidates=3
laches: turn_lengths=265 assent_turns=265 assent_stretches=0 procedure_candidates=8
laws: turn_lengths=1999 assent_turns=1999 assent_stretches=0 procedure_candidates=26
lesser-hippias: turn_lengths=231 assent_turns=231 assent_stretches=2 procedure_candidates=17
lysis: turn_lengths=1 assent_turns=1 assent_stretches=0 procedure_candidates=5
menexenus: turn_lengths=46 assent_turns=46 assent_stretches=0 procedure_candidates=1
meno: turn_lengths=570 assent_turns=570 assent_stretches=7 procedure_candidates=11
parmenides: turn_lengths=1 assent_turns=1 assent_stretches=0 procedure_candidates=2
phaedo: turn_lengths=35 assent_turns=35 assent_stretches=0 procedure_candidates=12
phaedrus: turn_lengths=401 assent_turns=401 assent_stretches=0 procedure_candidates=28
philebus: turn_lengths=1142 assent_turns=1142 assent_stretches=0 procedure_candidates=18
protagoras: turn_lengths=74 assent_turns=74 assent_stretches=0 procedure_candidates=43
republic: turn_lengths=1 assent_turns=1 assent_stretches=0 procedure_candidates=53
sophist: turn_lengths=1178 assent_turns=1178 assent_stretches=0 procedure_candidates=10
statesman: turn_lengths=899 assent_turns=899 assent_stretches=0 procedure_candidates=3
symposium: turn_lengths=5 assent_turns=5 assent_stretches=0 procedure_candidates=55
theaetetus: turn_lengths=1029 assent_turns=1029 assent_stretches=1 procedure_candidates=25
timaeus: turn_lengths=113 assent_turns=113 assent_stretches=0 procedure_candidates=9
