apology: 8750 tokens -> derived/plato/tokens/apology.toon
charmides: 8322 tokens -> derived/plato/tokens/charmides.toon
cratylus: 19030 tokens -> derived/plato/tokens/cratylus.toon
critias: 4973 tokens -> derived/plato/tokens/critias.toon
crito: 4277 tokens -> derived/plato/tokens/crito.toon
euthydemus: 12576 tokens -> derived/plato/tokens/euthydemus.toon
euthyphro: 5403 tokens -> derived/plato/tokens/euthyphro.toon
gorgias: 27383 tokens -> derived/plato/tokens/gorgias.toon
greater-hippias: 8811 tokens -> derived/plato/tokens/greater-hippias.toon
ion: 4023 tokens -> derived/plato/tokens/ion.toon
laches: 7948 tokens -> derived/plato/tokens/laches.toon
laws: 104980 tokens -> derived/plato/tokens/laws.toon
lesser-hippias: 4414 tokens -> derived/plato/tokens/lesser-hippias.toon
lysis: 6954 tokens -> derived/plato/tokens/lysis.toon
menexenus: 4856 tokens -> derived/plato/tokens/menexenus.toon
meno: 10262 tokens -> derived/plato/tokens/meno.toon
parmenides: 15261 tokens -> derived/plato/tokens/parmenides.toon
phaedo: 22391 tokens -> derived/plato/tokens/phaedo.toon
phaedrus: 17020 tokens -> derived/plato/tokens/phaedrus.toon
philebus: 18861 tokens -> derived/plato/tokens/philebus.toon
protagoras: 17610 tokens -> derived/plato/tokens/protagoras.toon
republic: 88264 tokens -> derived/plato/tokens/republic.toon
sophist: 17210 tokens -> derived/plato/tokens/sophist.toon
statesman: 18316 tokens -> derived/plato/tokens/statesman.toon
symposium: 17354 tokens -> derived/plato/tokens/symposium.toon
theaetetus: 23550 tokens -> derived/plato/tokens/theaetetus.toon
timaeus: 23790 tokens -> derived/plato/tokens/timaeus.toon
